// Vitest Snapshot v1, https://vitest.dev/guide/snapshot.html

exports[`basic.html.ep (mojolicious-html-template) 1`] = `
"
<!DOCTYPE html>
<html>
    <head>
        <title>Test Page</title>
    </head>
    <body>
        <div class="container">
            <p>Hello, world!</p>
        </div>
    </body>
</html>
"
`;
